
> client@0.0.0 build
> tsc -b && vite build

src/components/Proctoring/LiveProctoringDashboard.tsx(41,24): error TS6133: 'setSelectedQuiz' is declared but its value is never read.
src/components/Proctoring/LiveProctoringDashboard.tsx(53,10): error TS6133: 'availableQuizzes' is declared but its value is never read.
src/components/Proctoring/LiveProctoringDashboard.tsx(58,9): error TS6133: 'videoRef' is declared but its value is never read.
src/components/Proctoring/LiveProctoringDashboard.tsx(681,9): error TS6133: 'getRiskColor' is declared but its value is never read.
src/components/Proctoring/LiveProctoringDashboard.tsx(742,15): error TS6133: 'sender' is declared but its value is never read.
src/components/Proctoring/LiveProctoringDashboard.tsx(1146,52): error TS6133: 'eventIndex' is declared but its value is never read.
src/components/Quizzes/AITestCaseGenerator.tsx(68,11): error TS6133: 'hasFunctionName' is declared but its value is never read.
src/components/Quizzes/QuestionTypes/AlgorithmicQuestion.tsx(41,3): error TS6133: 'timeRemaining' is declared but its value is never read.
src/components/Quizzes/QuizAnalyticsPage.tsx(7,3): error TS6133: 'TrendingUp' is declared but its value is never read.
src/components/Quizzes/QuizAnalyticsPage.tsx(11,3): error TS6133: 'Award' is declared but its value is never read.
src/components/Quizzes/QuizAnalyticsPage.tsx(12,3): error TS6133: 'AlertTriangle' is declared but its value is never read.
src/components/Quizzes/QuizList.tsx(40,9): error TS6133: 'getStatusColor' is declared but its value is never read.
src/components/Quizzes/QuizList.tsx(121,9): error TS6133: 'getTypeColor' is declared but its value is never read.
src/components/Quizzes/QuizListItem.tsx(47,9): error TS6133: 'getTypeColor' is declared but its value is never read.
src/components/Quizzes/QuizProctoringMonitoringPage.tsx(6,1): error TS6192: All imports in import declaration are unused.
src/components/Quizzes/QuizProctoringPage.tsx(3,29): error TS6133: 'CardHeader' is declared but its value is never read.
src/components/Quizzes/QuizProctoringPage.tsx(13,3): error TS6133: 'Clock' is declared but its value is never read.
src/components/Quizzes/QuizResults.tsx(34,9): error TS6133: 'getScoreColor' is declared but its value is never read.
src/components/Quizzes/QuizView.tsx(44,35): error TS6133: 'onEdit' is declared but its value is never read.
src/components/Quizzes/TestCaseItem.tsx(2,1): error TS6133: 'toast' is declared but its value is never read.
src/components/ui/QuestionTimer.tsx(1,38): error TS6133: 'useCallback' is declared but its value is never read.
src/contexts/AuthContext.tsx(176,55): error TS6133: 'i' is declared but its value is never read.
src/contexts/AuthContext.tsx(310,49): error TS6133: 'i' is declared but its value is never read.
src/store/slices/courseSlice.ts(145,24): error TS6133: 'state' is declared but its value is never read.
src/store/slices/quizSlice.ts(457,22): error TS6133: 'state' is declared but its value is never read.
